2025-04-13 18:04:58.984038 - Received CBT.V508.FILE274.PDS from FILE274.XMI 
2025-04-13 18:04:58.985769 - Found $$$#DATE.txt (text/plain) in CBT.V508.FILE274.PDS, moved to PDS/$$$#DATE
2025-04-13 18:04:58.985992 - Found ##V4R1M1.bin (application/octet-stream) in CBT.V508.FILE274.PDS, moved to PDS/##V4R1M1
2025-04-13 18:04:58.986213 - Found #CPYRITE.bin (application/octet-stream) in CBT.V508.FILE274.PDS, moved to PDS/#CPYRITE
2025-04-13 18:04:58.986426 - Found #DISTRIB.bin (application/octet-stream) in CBT.V508.FILE274.PDS, moved to PDS/#DISTRIB
2025-04-13 18:04:58.986643 - Found #FEATURE.bin (application/octet-stream) in CBT.V508.FILE274.PDS, moved to PDS/#FEATURE
2025-04-13 18:04:58.986876 - Found #INSTALL.bin (application/octet-stream) in CBT.V508.FILE274.PDS, moved to PDS/#INSTALL
2025-04-13 18:04:58.987085 - Found #USERGDE.txt (text/plain) in CBT.V508.FILE274.PDS, moved to PDS/#USERGDE
2025-04-13 18:04:58.987286 - Found #YSP411.txt (text/plain) in CBT.V508.FILE274.PDS, moved to PDS/#YSP411
2025-04-13 18:04:58.987528 - Found #YTEMP1.txt (text/plain) in CBT.V508.FILE274.PDS, moved to PDS/#YTEMP1
2025-04-13 18:04:58.987735 - Found #YVP001.bin (application/octet-stream) in CBT.V508.FILE274.PDS, moved to PDS/#YVP001
2025-04-13 18:04:58.987937 - Found #YVP002.bin (application/octet-stream) in CBT.V508.FILE274.PDS, moved to PDS/#YVP002
2025-04-13 18:04:58.988154 - Found @FILE274.txt (text/plain) in CBT.V508.FILE274.PDS, moved to PDS/@FILE274
2025-04-13 18:04:58.988360 - Found IEFCNDSN.txt (text/plain) in CBT.V508.FILE274.PDS, moved to PDS/IEFCNDSN
2025-04-13 18:04:58.988583 - Found IEFCNFSA.txt (text/plain) in CBT.V508.FILE274.PDS, moved to PDS/IEFCNFSA
2025-04-13 18:04:58.988794 - Found IEFCNMSG.txt (text/plain) in CBT.V508.FILE274.PDS, moved to PDS/IEFCNMSG
2025-04-13 18:04:58.989007 - Found IEFCNOPT.txt (text/plain) in CBT.V508.FILE274.PDS, moved to PDS/IEFCNOPT
2025-04-13 18:04:58.989223 - Found IEFCNPPW.txt (text/plain) in CBT.V508.FILE274.PDS, moved to PDS/IEFCNPPW
2025-04-13 18:04:58.989453 - Found IEFCNTRC.txt (text/plain) in CBT.V508.FILE274.PDS, moved to PDS/IEFCNTRC
2025-04-13 18:04:58.989672 - Found IEFCNVJI.txt (text/plain) in CBT.V508.FILE274.PDS, moved to PDS/IEFCNVJI
2025-04-13 18:04:58.989875 - Found IEFCNVJX.txt (text/plain) in CBT.V508.FILE274.PDS, moved to PDS/IEFCNVJX
2025-04-13 18:04:58.990075 - Found IEFCNVLS.txt (text/plain) in CBT.V508.FILE274.PDS, moved to PDS/IEFCNVLS
2025-04-13 18:04:58.990289 - Found IEFCNVOP.txt (text/plain) in CBT.V508.FILE274.PDS, moved to PDS/IEFCNVOP
2025-04-13 18:04:58.990807 - Found IEFCNVPP.txt (text/plain) in CBT.V508.FILE274.PDS, moved to PDS/IEFCNVPP
2025-04-13 18:04:58.991017 - Found IEFCNVSI.txt (text/plain) in CBT.V508.FILE274.PDS, moved to PDS/IEFCNVSI
2025-04-13 18:04:58.991246 - Found IEFCNVSX.txt (text/plain) in CBT.V508.FILE274.PDS, moved to PDS/IEFCNVSX
2025-04-13 18:04:58.991511 - Found IEFCNVTI.txt (text/plain) in CBT.V508.FILE274.PDS, moved to PDS/IEFCNVTI
2025-04-13 18:04:58.991727 - Found IEFCNVTX.txt (text/plain) in CBT.V508.FILE274.PDS, moved to PDS/IEFCNVTX
2025-04-13 18:04:58.991964 - Found VPP4411.bin (application/octet-stream) in CBT.V508.FILE274.PDS, moved to PDS/VPP4411
